--- Startup times for process: Primary (or UI client) ---

times in msec
 clock   self+sourced   self:  sourced script
 clock   elapsed:              other lines

000.001  000.001: --- NVIM STARTING ---
000.257  000.256: event init
000.388  000.131: early init
000.457  000.068: locale set
000.538  000.082: init first window
001.159  000.621: inits 1
001.178  000.019: window checked
001.316  000.138: parsing arguments
002.413  000.098  000.098: require('vim._core.shared')
002.583  000.009  000.009: require('string.buffer')
002.629  000.096  000.087: require('vim.inspect')
002.728  000.080  000.080: require('vim._core.options')
002.731  000.312  000.135: require('vim._core.editor')
002.792  000.059  000.059: require('vim._core.system')
002.795  000.528  000.059: require('vim._init_packages')
002.797  000.953: init lua interpreter
004.615  001.818: nvim_ui_attach
005.370  000.755: nvim_set_client_info
005.375  000.005: --- NVIM STARTED ---

--- Startup times for process: Embedded ---

times in msec
 clock   self+sourced   self:  sourced script
 clock   elapsed:              other lines

000.000  000.000: --- NVIM STARTING ---
000.253  000.253: event init
000.400  000.147: early init
000.473  000.073: locale set
000.544  000.072: init first window
001.082  000.537: inits 1
001.115  000.033: window checked
001.226  000.111: parsing arguments
002.147  000.101  000.101: require('vim._core.shared')
002.294  000.005  000.005: require('string.buffer')
002.347  000.096  000.091: require('vim.inspect')
002.475  000.113  000.113: require('vim._core.options')
002.479  000.326  000.117: require('vim._core.editor')
002.539  000.058  000.058: require('vim._core.system')
002.541  000.548  000.063: require('vim._init_packages')
002.543  000.770: init lua interpreter
002.639  000.096: expanding arguments
002.681  000.042: inits 2
003.119  000.438: init highlight
003.120  000.002: waiting for UI
003.392  000.271: done waiting for UI
003.415  000.023: clear screen
003.666  000.018  000.018: require('vim.keymap')
005.022  000.203  000.203: sourcing nvim_exec2()
005.090  000.025  000.025: require('vim._core.log')
006.018  002.598  002.353: require('vim._core.defaults')
006.022  000.009: init default mappings & autocommands
006.902  000.092  000.092: sourcing /usr/share/nvim/runtime/ftplugin.vim
007.031  000.050  000.050: sourcing /usr/share/nvim/runtime/indent.vim
007.043  000.879: sourcing vimrc file(s)
007.402  000.059  000.059: sourcing /usr/share/nvim/site/ftdetect/ghostty.vim
007.434  000.204  000.145: sourcing nvim_exec2() called at /usr/share/nvim/runtime/filetype.lua:0
007.438  000.341  000.136: sourcing /usr/share/nvim/runtime/filetype.lua
007.688  000.110  000.110: sourcing /usr/share/nvim/runtime/syntax/synload.vim
007.814  000.315  000.205: sourcing /usr/share/nvim/runtime/syntax/syntax.vim
008.866  000.282  000.282: sourcing /usr/share/nvim/runtime/plugin/gzip.vim
009.634  000.263  000.263: sourcing /usr/share/nvim/runtime/pack/dist/opt/matchit/plugin/matchit.vim
009.708  000.799  000.535: sourcing /usr/share/nvim/runtime/plugin/matchit.vim
009.927  000.183  000.183: sourcing /usr/share/nvim/runtime/plugin/matchparen.vim
010.800  000.328  000.328: sourcing /usr/share/nvim/runtime/pack/dist/opt/netrw/plugin/netrwPlugin.vim
010.879  000.908  000.581: sourcing /usr/share/nvim/runtime/plugin/netrwPlugin.vim
011.029  000.073  000.073: sourcing /usr/share/nvim/runtime/plugin/rplugin.vim
011.206  000.136  000.136: sourcing /usr/share/nvim/runtime/plugin/tarPlugin.vim
011.291  000.032  000.032: sourcing /usr/share/nvim/runtime/plugin/tutor.vim
011.555  000.218  000.218: sourcing /usr/share/nvim/runtime/plugin/zipPlugin.vim
011.697  000.085  000.085: sourcing /usr/share/nvim/runtime/plugin/editorconfig.lua
011.864  000.118  000.118: sourcing /usr/share/nvim/runtime/plugin/man.lua
012.116  000.203  000.203: sourcing /usr/share/nvim/runtime/plugin/net.lua
012.306  000.139  000.139: sourcing /usr/share/nvim/runtime/plugin/osc52.lua
012.564  000.175  000.175: sourcing /usr/share/nvim/runtime/plugin/shada.lua
012.672  000.050  000.050: sourcing /usr/share/nvim/runtime/plugin/spellfile.lua
012.697  001.598: loading rtp plugins
012.883  000.185: loading packages
012.885  000.003: loading after plugins
012.900  000.015: inits 3
012.902  000.002: reading ShaDa
016.696  003.494  003.494: require('vim.filetype')
016.744  000.037  000.037: require('vim.fs')
018.078  000.147  000.147: sourcing /usr/share/nvim/runtime/ftplugin/lua.vim
020.927  000.200  000.200: require('vim.treesitter.language')
020.984  000.049  000.049: require('vim.func')
021.200  000.208  000.208: require('vim.treesitter._range')
021.328  000.120  000.120: require('vim.func._memoize')
021.403  001.606  001.028: require('vim.treesitter.query')
021.477  002.791  001.186: require('vim.treesitter.languagetree')
021.487  003.298  000.506: require('vim.treesitter')
021.521  000.012  000.012: require('vim.F')
026.736  000.673  000.673: require('vim.treesitter.highlighter')
032.017  013.883  009.900: sourcing /usr/share/nvim/runtime/ftplugin/lua.lua
032.805  000.074  000.074: sourcing /usr/share/nvim/runtime/indent/lua.vim
033.355  000.390  000.390: require('editorconfig')
033.681  002.753: opening buffers
033.717  000.036: BufEnter autocommands
033.720  000.003: editing files in windows
033.731  000.012: --- NVIM STARTED ---

